// Jest Snapshot v1, https://goo.gl/fbAQLP

exports[`AppComponent should match snapshot 1`] = `
<ng-component>
  <miku-credit-root>
    <router-outlet />
  </miku-credit-root>
</ng-component>
`;
