// Jest Snapshot v1, https://goo.gl/fbAQLP

exports[`SellSoulContainerComponent should match snapshot 1`] = `
<ng-component>
  <miku-credit-sell-soul-container>
    <p>
      sell-soul-container works!
    </p>
  </miku-credit-sell-soul-container>
</ng-component>
`;
